env = "prd"

// 地名
locations = [
  "osaka",
  "aomori",
  # "kanagawa"
  "chiba"
]
